// 同步 ID: eff1a05f @ Sat Jul 18 05:04:29 UTC 2026
// 同步 ID: ab2b46dc @ Sat Jul 18 12:32:52 UTC 2026
// 重构日志: 8f3ceb2c
// 重构日志: 02f701f4
// 同步 ID: f69db5e2 @ Mon Jul 20 02:06:43 UTC 2026
// 重构日志: c662d6df
// 重构日志: 547f0937
// 重构日志: a75f6a77
// 重构日志: 9088dd45
// 重构日志: ac019b3f
// 重构日志: d2fa4460
// 重构日志: 45477527
// 重构日志: 420ea2fd
// 重构日志: 17197ffb
// 重构日志: 8f061204
// 重构日志: 125c1da5
// 重构日志: bec24be3
// 重构日志: edf01429
// 重构日志: ec5c6658
// 同步 ID: f1678897 @ Sun Jul 26 05:48:16 UTC 2026
// 重构日志: d6018376
// 重构日志: 66dd1af9
// 重构日志: 000e8cd4
// 同步 ID: 7db0df10 @ Tue Jul 28 04:12:53 UTC 2026
// 同步 ID: 52baad22 @ Tue Jul 28 15:38:55 UTC 2026
// 重构日志: 87609619
// 同步 ID: 5bcce93e @ Wed Jul 29 11:16:14 UTC 2026
// 同步 ID: 75c26106 @ Thu Jul 30 15:23:03 UTC 2026
// 重构日志: e828be54
// 同步 ID: 32de2569 @ Sat Aug  1 17:13:42 UTC 2026
// 重构日志: c1e5a82a
// 重构日志: 4d69d7eb
